{
    "sarscov2 - bam - stub": {
        "content": [
            {
                "0": [
                    [
                        {
                            "id": "test"
                        },
                        "test.recal.table:md5,d41d8cd98f00b204e9800998ecf8427e"
                    ]
                ],
                "1": [
                    "versions.yml:md5,4ff697a3a05bb4d30701e6750c246ed2"
                ],
                "table": [
                    [
                        {
                            "id": "test"
                        },
                        "test.recal.table:md5,d41d8cd98f00b204e9800998ecf8427e"
                    ]
                ],
                "versions": [
                    "versions.yml:md5,4ff697a3a05bb4d30701e6750c246ed2"
                ]
            }
        ],
        "meta": {
            "nf-test": "0.8.4",
            "nextflow": "24.01.0"
        },
        "timestamp": "2024-02-26T07:59:09.802474612"
    },
    "sarscov2 - bam - intervals": {
        "content": [
            {
                "0": [
                    [
                        {
                            "id": "test"
                        },
                        "test.recal.table:md5,9ecb5f00a2229291705addc09c0ec231"
                    ]
                ],
                "1": [
                    "versions.yml:md5,4ff697a3a05bb4d30701e6750c246ed2"
                ],
                "table": [
                    [
                        {
                            "id": "test"
                        },
                        "test.recal.table:md5,9ecb5f00a2229291705addc09c0ec231"
                    ]
                ],
                "versions": [
                    "versions.yml:md5,4ff697a3a05bb4d30701e6750c246ed2"
                ]
            }
        ],
        "meta": {
            "nf-test": "0.8.4",
            "nextflow": "24.01.0"
        },
        "timestamp": "2024-02-26T07:58:46.088383653"
    },
    "sarscov2 - bam - multiple sites": {
        "content": [
            {
                "0": [
                    [
                        {
                            "id": "test"
                        },
                        "test.recal.table:md5,e2e43abdc0c943c1a54dae816d0b9ea7"
                    ]
                ],
                "1": [
                    "versions.yml:md5,4ff697a3a05bb4d30701e6750c246ed2"
                ],
                "table": [
                    [
                        {
                            "id": "test"
                        },
                        "test.recal.table:md5,e2e43abdc0c943c1a54dae816d0b9ea7"
                    ]
                ],
                "versions": [
                    "versions.yml:md5,4ff697a3a05bb4d30701e6750c246ed2"
                ]
            }
        ],
        "meta": {
            "nf-test": "0.8.4",
            "nextflow": "24.01.0"
        },
        "timestamp": "2024-02-26T07:59:00.753963509"
    },
    "homo_sapiens - cram ": {
        "content": [
            {
                "0": [
                    [
                        {
                            "id": "test"
                        },
                        "test.recal.table:md5,35d89a3811aa31711fc9815b6b80e6ec"
                    ]
                ],
                "1": [
                    "versions.yml:md5,4ff697a3a05bb4d30701e6750c246ed2"
                ],
                "table": [
                    [
                        {
                            "id": "test"
                        },
                        "test.recal.table:md5,35d89a3811aa31711fc9815b6b80e6ec"
                    ]
                ],
                "versions": [
                    "versions.yml:md5,4ff697a3a05bb4d30701e6750c246ed2"
                ]
            }
        ],
        "meta": {
            "nf-test": "0.8.4",
            "nextflow": "24.01.0"
        },
        "timestamp": "2024-02-26T07:59:25.266531501"
    },
    "sarscov2 - bam": {
        "content": [
            {
                "0": [
                    [
                        {
                            "id": "test"
                        },
                        "test.recal.table:md5,e2e43abdc0c943c1a54dae816d0b9ea7"
                    ]
                ],
                "1": [
                    "versions.yml:md5,4ff697a3a05bb4d30701e6750c246ed2"
                ],
                "table": [
                    [
                        {
                            "id": "test"
                        },
                        "test.recal.table:md5,e2e43abdc0c943c1a54dae816d0b9ea7"
                    ]
                ],
                "versions": [
                    "versions.yml:md5,4ff697a3a05bb4d30701e6750c246ed2"
                ]
            }
        ],
        "meta": {
            "nf-test": "0.8.4",
            "nextflow": "24.01.0"
        },
        "timestamp": "2024-02-26T07:58:31.908467001"
    }
}