{
    "sarscov2 - bam - intervals": {
        "content": [
            {
                "0": [
                    [
                        {
                            "id": "test"
                        },
                        "test.recal.bam:md5,2dcc50c3dd8bfbb5dc02bd362d9ddca3"
                    ]
                ],
                "1": [
                    
                ],
                "2": [
                    "versions.yml:md5,bb2a060a0280c812fba3c74b1707b350"
                ],
                "bam": [
                    [
                        {
                            "id": "test"
                        },
                        "test.recal.bam:md5,2dcc50c3dd8bfbb5dc02bd362d9ddca3"
                    ]
                ],
                "cram": [
                    
                ],
                "versions": [
                    "versions.yml:md5,bb2a060a0280c812fba3c74b1707b350"
                ]
            }
        ],
        "meta": {
            "nf-test": "0.8.4",
            "nextflow": "24.01.0"
        },
        "timestamp": "2024-02-24T21:46:13.440473512"
    },
    "sarscov2 - cram": {
        "content": [
            [
                "versions.yml:md5,bb2a060a0280c812fba3c74b1707b350"
            ]
        ],
        "meta": {
            "nf-test": "0.8.4",
            "nextflow": "23.10.0"
        },
        "timestamp": "2024-02-13T16:22:09.308602"
    },
    "test.cram": {
        "content": [
            "test.recal.cram"
        ],
        "meta": {
            "nf-test": "0.8.4",
            "nextflow": "24.01.0"
        },
        "timestamp": "2024-02-24T21:46:28.711851595"
    },
    "sarscov2 - bam": {
        "content": [
            {
                "0": [
                    [
                        {
                            "id": "test"
                        },
                        "test.recal.bam:md5,93fee40ff233e2d22e3379e253c423cf"
                    ]
                ],
                "1": [
                    
                ],
                "2": [
                    "versions.yml:md5,bb2a060a0280c812fba3c74b1707b350"
                ],
                "bam": [
                    [
                        {
                            "id": "test"
                        },
                        "test.recal.bam:md5,93fee40ff233e2d22e3379e253c423cf"
                    ]
                ],
                "cram": [
                    
                ],
                "versions": [
                    "versions.yml:md5,bb2a060a0280c812fba3c74b1707b350"
                ]
            }
        ],
        "meta": {
            "nf-test": "0.8.4",
            "nextflow": "24.01.0"
        },
        "timestamp": "2024-02-24T21:45:58.992053831"
    }
}